// Jest Snapshot v1, https://goo.gl/fbAQLP

exports[`matches snapshot 1`] = `
<DocumentFragment>
  <div
    class="LoginForm"
  >
    <h1>
      Log In
    </h1>
    <div
      class="login-card"
    >
      <form>
        <div>
          <label
            for="username"
          >
            Username
          </label>
          <input
            id="username"
            name="username"
            required=""
            value=""
          />
        </div>
        <div>
          <label
            for="password"
          >
            Password
          </label>
          <input
            id="password"
            name="password"
            required=""
            value=""
          />
        </div>
        <button
          class="login-button"
          type="submit"
        >
          Submit
        </button>
      </form>
    </div>
  </div>
</DocumentFragment>
`;
