// Jest Snapshot v1, https://goo.gl/fbAQLP

exports[`matches snapshot 1`] = `
<DocumentFragment>
  <div
    class="SignupForm"
  >
    <h1>
      Sign Up
    </h1>
    <div
      class="card"
    >
      <form>
        <div
          class="form-inputs"
        >
          <label
            for="username"
          >
            Username
          </label>
          <input
            class="form-input"
            id="username"
            name="username"
            value=""
          />
        </div>
        <div
          class="form-inputs"
        >
          <label
            for="password"
          >
            Password
          </label>
          <input
            class="form-input"
            id="password"
            name="password"
            value=""
          />
        </div>
        <div
          class="form-inputs"
        >
          <label
            for="firstName"
          >
            First name
          </label>
          <input
            class="form-input"
            id="firstName"
            name="firstName"
            value=""
          />
        </div>
        <div
          class="form-inputs"
        >
          <label
            for="lastName"
          >
            Last name
          </label>
          <input
            class="form-input"
            id="lastName"
            name="lastName"
            value=""
          />
        </div>
        <div
          class="form-inputs"
        >
          <label
            for="email"
          >
            Email
          </label>
          <input
            class="form-input"
            id="email"
            name="email"
            value=""
          />
        </div>
        <button
          class="submit-button"
          type="submit"
        >
          Submit
        </button>
      </form>
    </div>
  </div>
</DocumentFragment>
`;
