// Jest Snapshot v1, https://goo.gl/fbAQLP

exports[`matches snapshot 1`] = `
<DocumentFragment>
  <div
    class="JobList"
  >
    <div
      class="SearchBar"
    >
      <form>
        <input
          name="searchTerm"
          type="text"
          value=""
        />
        <button
          type="submit"
        >
          Submit
        </button>
      </form>
    </div>
    <div
      class="JobCardList"
    />
  </div>
</DocumentFragment>
`;
